CodingConventions/FCCSW/Const.cpp:8:1: warning: [sas.CodingConventions.FCCSW.Const] Constant variable names must begin with 'k' followed by an UpperCamelCase name
const double OmittedPrefix = 0.0; // Prefix "k" omitted
^
CodingConventions/FCCSW/Const.cpp:8:1: note: [sas.CodingConventions.FCCSW.Const] Constant variable names must begin with 'k' followed by an UpperCamelCase name
CodingConventions/FCCSW/Const.cpp:9:1: warning: [sas.CodingConventions.FCCSW.Const] Constant variable names must begin with 'k' followed by an UpperCamelCase name
const char klowerCamelCase = 'a'; // Second letter should be uppercase
^
CodingConventions/FCCSW/Const.cpp:9:1: note: [sas.CodingConventions.FCCSW.Const] Constant variable names must begin with 'k' followed by an UpperCamelCase name
CodingConventions/FCCSW/Const.cpp:10:1: warning: [sas.CodingConventions.FCCSW.Const] Constant variable names must begin with 'k' followed by an UpperCamelCase name
const float kSnake_case = 0.0; // Incorrect use of snake_case instead of CamelCase
^
CodingConventions/FCCSW/Const.cpp:10:1: note: [sas.CodingConventions.FCCSW.Const] Constant variable names must begin with 'k' followed by an UpperCamelCase name
3 warnings generated.
