CodingConventions/FCCSW/Function.cpp:7:1: warning: [sas.CodingConventions.FCCSW.Function] Function names must be in lowerCamelCase
double UpperCamelCaseFunction(int arg1, float arg2); // First letter incorrectly capitalised
^
CodingConventions/FCCSW/Function.cpp:7:1: note: [sas.CodingConventions.FCCSW.Function] Function names must be in lowerCamelCase
CodingConventions/FCCSW/Function.cpp:8:1: warning: [sas.CodingConventions.FCCSW.Function] Function names must be in lowerCamelCase
char *snake_case_function(char arg1); // incorrect use of snake_case instead of camelCase
^
CodingConventions/FCCSW/Function.cpp:8:1: note: [sas.CodingConventions.FCCSW.Function] Function names must be in lowerCamelCase
CodingConventions/FCCSW/Function.cpp:16:3: warning: [sas.CodingConventions.FCCSW.Function] Function names must be in lowerCamelCase
  int m_functionNotAMemberVariable(); // Function incorrectly named like a member variable
  ^
CodingConventions/FCCSW/Function.cpp:16:3: note: [sas.CodingConventions.FCCSW.Function] Function names must be in lowerCamelCase
3 warnings generated.
