CodingConventions/FCCSW/Type.cpp:7:3: warning: [sas.CodingConventions.FCCSW.Type] Type names must be in UpperCamelCase
  enum lowercaseNestedEnum { // First letter incorrectly lowercase
  ^
CodingConventions/FCCSW/Type.cpp:7:3: note: [sas.CodingConventions.FCCSW.Type] Type names must be in UpperCamelCase
CodingConventions/FCCSW/Type.cpp:12:1: warning: [sas.CodingConventions.FCCSW.Type] Type names must be in UpperCamelCase
struct lowerCamelCase { // First letter incorrectly lowercase
^
CodingConventions/FCCSW/Type.cpp:12:1: note: [sas.CodingConventions.FCCSW.Type] Type names must be in UpperCamelCase
CodingConventions/FCCSW/Type.cpp:16:1: warning: [sas.CodingConventions.FCCSW.Type] Type names must be in UpperCamelCase
typedef int Snake_Case; // Incorrect use of snake_case instead of CamelCase
^
CodingConventions/FCCSW/Type.cpp:16:1: note: [sas.CodingConventions.FCCSW.Type] Type names must be in UpperCamelCase
CodingConventions/FCCSW/Type.cpp:18:10: warning: [sas.CodingConventions.FCCSW.Type] Type names must be in UpperCamelCase
template<typename T> class Foo {}; // Typename too short
         ^
CodingConventions/FCCSW/Type.cpp:18:10: note: [sas.CodingConventions.FCCSW.Type] Type names must be in UpperCamelCase
4 warnings generated.
